[36mvite v8.0.3 [32mbuilding client environment for production...[36m[39m
[plugin @laravel/vite-plugin-wayfinder] Types generated for actions, routes, form variants
[2K
node.exe : [33m[plugin 
builtin:vite-alias] rewrote 
@/routes/appearance to 
/resources/js/routes/appearance 
but was not an absolute path 
and was not handled by other 
plugins. This will lead to 
duplicated modules for the same 
path. To avoid duplicating 
modules, you should resolve to 
an absolute path.[39m
At C:\Program 
Files\nodejs\npx.ps1:29 char:3
+   & $NODE_EXE $NPX_CLI_JS 
$args
+   
~~~~~~~~~~~~~~~~~~~~~~~~~~~~~
    + CategoryInfo          : N 
   otSpecified: ([33m[plugin   
  bu...lute path.[39m:String   
 ) [], RemoteException
    + FullyQualifiedErrorId : N 
   ativeCommandError
 
[33m[plugin 
builtin:vite-alias] rewrote 
@/routes/profile to 
/resources/js/routes/profile 
but was not an absolute path 
and was not handled by other 
plugins. This will lead to 
duplicated modules for the same 
path. To avoid duplicating 
modules, you should resolve to 
an absolute path.[39m
[33m[plugin 
builtin:vite-alias] rewrote @/ac
tions/App/Http/Controllers/Setti
ngs/ProfileController to /resour
ces/js/actions/App/Http/Controll
ers/Settings/ProfileController 
but was not an absolute path 
and was not handled by other 
plugins. This will lead to 
duplicated modules for the same 
path. To avoid duplicating 
modules, you should resolve to 
an absolute path.[39m
[33m[plugin 
builtin:vite-alias] rewrote 
@/routes/profile to 
/resources/js/routes/profile 
but was not an absolute path 
and was not handled by other 
plugins. This will lead to 
duplicated modules for the same 
path. To avoid duplicating 
modules, you should resolve to 
an absolute path.[39m
[33m[plugin 
builtin:vite-alias] rewrote 
@/routes/security to 
/resources/js/routes/security 
but was not an absolute path 
and was not handled by other 
plugins. This will lead to 
duplicated modules for the same 
path. To avoid duplicating 
modules, you should resolve to 
an absolute path.[39m
[33m[plugin 
builtin:vite-alias] rewrote 
@/routes/security to 
/resources/js/routes/security 
but was not an absolute path 
and was not handled by other 
plugins. This will lead to 
duplicated modules for the same 
path. To avoid duplicating 
modules, you should resolve to 
an absolute path.[39m
[33m[plugin 
builtin:vite-alias] rewrote 
@/routes/appearance to 
/resources/js/routes/appearance 
but was not an absolute path 
and was not handled by other 
plugins. This will lead to 
duplicated modules for the same 
path. To avoid duplicating 
modules, you should resolve to 
an absolute path.[39m
[33m[plugin 
builtin:vite-alias] rewrote @/ac
tions/App/Http/Controllers/Setti
ngs/SecurityController to /resou
rces/js/actions/App/Http/Control
lers/Settings/SecurityController
 but was not an absolute path 
and was not handled by other 
plugins. This will lead to 
duplicated modules for the same 
path. To avoid duplicating 
modules, you should resolve to 
an absolute path.[39m
[33m[plugin 
builtin:vite-alias] rewrote @/ac
tions/App/Http/Controllers/Setti
ngs/ProfileController to /resour
ces/js/actions/App/Http/Controll
ers/Settings/ProfileController 
but was not an absolute path 
and was not handled by other 
plugins. This will lead to 
duplicated modules for the same 
path. To avoid duplicating 
modules, you should resolve to 
an absolute path.[39m
[33m[plugin 
builtin:vite-alias] rewrote 
@/routes/profile to 
/resources/js/routes/profile 
but was not an absolute path 
and was not handled by other 
plugins. This will lead to 
duplicated modules for the same 
path. To avoid duplicating 
modules, you should resolve to 
an absolute path.[39m
transforming...Γ£ô 3024 modules transformed.
[31mΓ£ù[39m Build failed in 
5.89s
[31merror during build:
[31mBuild failed with 5 errors:

[31m[UNLOADABLE_DEPENDENCY] 
Error:[0m Could not load 
/resources/js/routes/appearance
   [38;5;246mΓò¡[0m[38;5;246m
ΓöÇ[0m[38;5;246m[[0m resource
s/js/pages/settings/Appearance.v
ue?vue&type=script&setup=true&la
ng.ts:7:22 [38;5;246m][0m
   [38;5;246mΓöé[0m
 [38;5;246m7 Γöé[0m [38;5;249
mi[0m[38;5;249mm[0m[38;5;249
mp[0m[38;5;249mo[0m[38;5;249
mr[0m[38;5;249mt[0m[38;5;249
m 
[0m[38;5;249m{[0m[38;5;249m 
[0m[38;5;249me[0m[38;5;249md
[0m[38;5;249mi[0m[38;5;249mt
[0m[38;5;249m 
[0m[38;5;249m}[0m[38;5;249m 
[0m[38;5;249mf[0m[38;5;249mr
[0m[38;5;249mo[0m[38;5;249mm
[0m[38;5;249m [0m"@/routes/ap
pearance"[38;5;249m;[0m
 [38;5;240m  Γöé[0m           
           ΓöÇΓöÇΓöÇΓöÇΓöÇΓöÇΓöÇ
ΓöÇΓöÇΓöÇΓö¼ΓöÇΓöÇΓöÇΓöÇΓöÇΓöÇΓö
ÇΓöÇΓöÇΓöÇ  
 [38;5;240m  Γöé[0m           
                     Γò░ΓöÇΓöÇΓö
ÇΓöÇΓöÇΓöÇΓöÇΓöÇΓöÇΓöÇΓöÇΓöÇ 
The system cannot find the path 
specified. (os error 3)
[38;5;246mΓöÇΓöÇΓöÇΓò»[0m

[31m[UNLOADABLE_DEPENDENCY] 
Error:[0m Could not load /resou
rces/js/actions/App/Http/Control
lers/Settings/ProfileController
    [38;5;246mΓò¡[0m[38;5;246
mΓöÇ[0m[38;5;246m[[0m resourc
es/js/pages/settings/Profile.vue
?vue&type=script&setup=true&lang
.ts:16:31 [38;5;246m][0m
    [38;5;246mΓöé[0m
 [38;5;246m16 Γöé[0m [38;5;24
9mi[0m[38;5;249mm[0m[38;5;24
9mp[0m[38;5;249mo[0m[38;5;24
9mr[0m[38;5;249mt[0m[38;5;24
9m [0m[38;5;249mP[0m[38;5;24
9mr[0m[38;5;249mo[0m[38;5;24
9mf[0m[38;5;249mi[0m[38;5;24
9ml[0m[38;5;249me[0m[38;5;24
9mC[0m[38;5;249mo[0m[38;5;24
9mn[0m[38;5;249mt[0m[38;5;24
9mr[0m[38;5;249mo[0m[38;5;24
9ml[0m[38;5;249ml[0m[38;5;24
9me[0m[38;5;249mr[0m[38;5;24
9m [0m[38;5;249mf[0m[38;5;24
9mr[0m[38;5;249mo[0m[38;5;24
9mm[0m[38;5;249m [0m"@/action
s/App/Http/Controllers/Settings/
ProfileController"[38;5;249m;[
0m
 [38;5;240m   Γöé[0m          
                     ΓöÇΓöÇΓöÇΓö
ÇΓöÇΓöÇΓöÇΓöÇΓöÇΓöÇΓöÇΓöÇΓöÇΓöÇΓ
öÇΓöÇΓöÇΓöÇΓöÇΓöÇΓöÇΓöÇΓöÇΓöÇΓöÇ
ΓöÇΓöÇΓöÇΓöÇΓö¼ΓöÇΓöÇΓöÇΓöÇΓöÇΓö
ÇΓöÇΓöÇΓöÇΓöÇΓöÇΓöÇΓöÇΓöÇΓöÇΓöÇΓ
öÇΓöÇΓöÇΓöÇΓöÇΓöÇΓöÇΓöÇΓöÇΓöÇΓöÇ
ΓöÇΓöÇ  
 [38;5;240m   Γöé[0m          
                                
                  Γò░ΓöÇΓöÇΓöÇΓö
ÇΓöÇΓöÇΓöÇΓöÇΓöÇΓöÇΓöÇΓöÇΓöÇΓöÇΓ
öÇΓöÇΓöÇΓöÇΓöÇΓöÇΓöÇΓöÇΓöÇΓöÇΓöÇ
ΓöÇΓöÇΓöÇΓöÇΓöÇΓöÇ The system 
cannot find the path specified. 
(os error 3)
[38;5;246mΓöÇΓöÇΓöÇΓöÇΓò»[0m

[31m[UNLOADABLE_DEPENDENCY] 
Error:[0m Could not load 
/resources/js/routes/profile
    [38;5;246mΓò¡[0m[38;5;246
mΓöÇ[0m[38;5;246m[[0m resourc
es/js/pages/settings/Profile.vue
?vue&type=script&setup=true&lang
.ts:23:22 [38;5;246m][0m
    [38;5;246mΓöé[0m
 [38;5;246m23 Γöé[0m [38;5;24
9mi[0m[38;5;249mm[0m[38;5;24
9mp[0m[38;5;249mo[0m[38;5;24
9mr[0m[38;5;249mt[0m[38;5;24
9m 
[0m[38;5;249m{[0m[38;5;249m 
[0m[38;5;249me[0m[38;5;249md
[0m[38;5;249mi[0m[38;5;249mt
[0m[38;5;249m 
[0m[38;5;249m}[0m[38;5;249m 
[0m[38;5;249mf[0m[38;5;249mr
[0m[38;5;249mo[0m[38;5;249mm
[0m[38;5;249m [0m"@/routes/pr
ofile"[38;5;249m;[0m
 [38;5;240m   Γöé[0m          
            ΓöÇΓöÇΓöÇΓöÇΓöÇΓöÇΓö
ÇΓöÇΓöÇΓö¼ΓöÇΓöÇΓöÇΓöÇΓöÇΓöÇΓöÇΓ
öÇ  
 [38;5;240m   Γöé[0m          
                     Γò░ΓöÇΓöÇΓö
ÇΓöÇΓöÇΓöÇΓöÇΓöÇΓöÇΓöÇ The 
system cannot find the path 
specified. (os error 3)
[38;5;246mΓöÇΓöÇΓöÇΓöÇΓò»[0m

[31m[UNLOADABLE_DEPENDENCY] 
Error:[0m Could not load 
/resources/js/routes/security
    [38;5;246mΓò¡[0m[38;5;246
mΓöÇ[0m[38;5;246m[[0m resourc
es/js/layouts/settings/Layout.vu
e?vue&type=script&setup=true&lan
g.ts:20:38 [38;5;246m][0m
    [38;5;246mΓöé[0m
 [38;5;246m20 Γöé[0m [38;5;24
9mi[0m[38;5;249mm[0m[38;5;24
9mp[0m[38;5;249mo[0m[38;5;24
9mr[0m[38;5;249mt[0m[38;5;24
9m 
[0m[38;5;249m{[0m[38;5;249m 
[0m[38;5;249me[0m[38;5;249md
[0m[38;5;249mi[0m[38;5;249mt
[0m[38;5;249m [0m[38;5;249ma
[0m[38;5;249ms[0m[38;5;249m 
[0m[38;5;249me[0m[38;5;249md
[0m[38;5;249mi[0m[38;5;249mt
[0m[38;5;249mS[0m[38;5;249me
[0m[38;5;249mc[0m[38;5;249mu
[0m[38;5;249mr[0m[38;5;249mi
[0m[38;5;249mt[0m[38;5;249my
[0m[38;5;249m 
[0m[38;5;249m}[0m[38;5;249m 
[0m[38;5;249mf[0m[38;5;249mr
[0m[38;5;249mo[0m[38;5;249mm
[0m[38;5;249m [0m"@/routes/se
curity"[38;5;249m;[0m
 [38;5;240m   Γöé[0m          
                            ΓöÇΓ
öÇΓöÇΓöÇΓöÇΓöÇΓöÇΓöÇΓöÇΓö¼ΓöÇΓöÇ
ΓöÇΓöÇΓöÇΓöÇΓöÇΓöÇΓöÇ  
 [38;5;240m   Γöé[0m          
                                
     Γò░ΓöÇΓöÇΓöÇΓöÇΓöÇΓöÇΓöÇΓöÇ
ΓöÇΓöÇΓöÇ The system cannot 
find the path specified. (os 
error 3)
[38;5;246mΓöÇΓöÇΓöÇΓöÇΓò»[0m

[31m[UNLOADABLE_DEPENDENCY] 
Error:[0m Could not load /resou
rces/js/actions/App/Http/Control
lers/Settings/SecurityController
    [38;5;246mΓò¡[0m[38;5;246
mΓöÇ[0m[38;5;246m[[0m resourc
es/js/pages/settings/Security.vu
e?vue&type=script&setup=true&lan
g.ts:25:32 [38;5;246m][0m
    [38;5;246mΓöé[0m
 [38;5;246m25 Γöé[0m [38;5;24
9mi[0m[38;5;249mm[0m[38;5;24
9mp[0m[38;5;249mo[0m[38;5;24
9mr[0m[38;5;249mt[0m[38;5;24
9m [0m[38;5;249mS[0m[38;5;24
9me[0m[38;5;249mc[0m[38;5;24
9mu[0m[38;5;249mr[0m[38;5;24
9mi[0m[38;5;249mt[0m[38;5;24
9my[0m[38;5;249mC[0m[38;5;24
9mo[0m[38;5;249mn[0m[38;5;24
9mt[0m[38;5;249mr[0m[38;5;24
9mo[0m[38;5;249ml[0m[38;5;24
9ml[0m[38;5;249me[0m[38;5;24
9mr[0m[38;5;249m [0m[38;5;24
9mf[0m[38;5;249mr[0m[38;5;24
9mo[0m[38;5;249mm[0m[38;5;24
9m [0m"@/actions/App/Http/Contr
ollers/Settings/SecurityControll
er"[38;5;249m;[0m
 [38;5;240m   Γöé[0m          
                      ΓöÇΓöÇΓöÇΓ
öÇΓöÇΓöÇΓöÇΓöÇΓöÇΓöÇΓöÇΓöÇΓöÇΓöÇ
ΓöÇΓöÇΓöÇΓöÇΓöÇΓöÇΓöÇΓöÇΓöÇΓöÇΓö
ÇΓöÇΓöÇΓöÇΓöÇΓöÇΓö¼ΓöÇΓöÇΓöÇΓöÇΓ
öÇΓöÇΓöÇΓöÇΓöÇΓöÇΓöÇΓöÇΓöÇΓöÇΓöÇ
ΓöÇΓöÇΓöÇΓöÇΓöÇΓöÇΓöÇΓöÇΓöÇΓöÇΓö
ÇΓöÇΓöÇΓöÇ  
 [38;5;240m   Γöé[0m          
                                
                    Γò░ΓöÇΓöÇΓöÇ
ΓöÇΓöÇΓöÇΓöÇΓöÇΓöÇΓöÇΓöÇΓöÇΓöÇΓö
ÇΓöÇΓöÇΓöÇΓöÇΓöÇΓöÇΓöÇΓöÇΓöÇΓöÇΓ
öÇΓöÇΓöÇΓöÇΓöÇΓöÇΓöÇ The system 
cannot find the path specified. 
(os error 3)
[38;5;246mΓöÇΓöÇΓöÇΓöÇΓò»[0m
[31m
    at aggregateBindingErrorsInt
oJsError (file:///C:/laragon/www
/angkringan-ak/node_modules/roll
down/dist/shared/error-BLhcSyeg.
mjs:48:18)
    at unwrapBindingResult (file
:///C:/laragon/www/angkringan-ak
/node_modules/rolldown/dist/shar
ed/error-BLhcSyeg.mjs:18:128)
    at #build (file:///C:/larago
n/www/angkringan-ak/node_modules
/rolldown/dist/shared/rolldown-b
uild-CPrIX9V6.mjs:3313:34)
    at async buildEnvironment (f
ile:///C:/laragon/www/angkringan
-ak/node_modules/vite/dist/node/
chunks/node.js:32849:64)
    at async Object.build (file:
///C:/laragon/www/angkringan-ak/
node_modules/vite/dist/node/chun
ks/node.js:33271:19)
    at async Object.buildApp (fi
le:///C:/laragon/www/angkringan-
ak/node_modules/vite/dist/node/c
hunks/node.js:33268:153)
    at async CAC.<anonymous> (fi
le:///C:/laragon/www/angkringan-
ak/node_modules/vite/dist/node/c
li.js:778:3) {
  errors: [Getter/Setter]
}[39m
